// Jest Snapshot v1, https://goo.gl/fbAQLP

exports[`<H2 /> should match the snapshot 1`] = `
<h2
  class="className"
  className="sc-bdVaJa ikrnGl"
>
   
  <span>
    Description
  </span>
  &gt;
</h2>
`;
