// Jest Snapshot v1, https://goo.gl/fbAQLP

exports[`<Form /> should match the snapshot 1`] = `
<form
  action="action"
  className="sc-bdVaJa HuctC"
  id="id"
  method="method"
  onSubmit="onSubmit"
/>
`;
