// Jest Snapshot v1, https://goo.gl/fbAQLP

exports[`<Label /> should match the snapshot 1`] = `
<label
  className="sc-bdVaJa kYKWkt"
  htmlFor="PyColors"
  title="Title Label"
>
  <span
    className="sc-bwzfXH lnTsJm"
  >
    What do you think
  </span>
</label>
`;
