// Jest Snapshot v1, https://goo.gl/fbAQLP

exports[`<SvgIcon /> should match the snapshot 1`] = `
<svg
  className="sc-bdVaJa fkiftl"
  viewBox="0 0 1024 1024"
>
  <g
    fill="#222"
  >
    <path
      d="M608 192h160v-192h-160c-123.514 0-224 100.486-224 224v96h-128v192h128v512h192v-512h160l32-192h-192v-96c0-17.346 14.654-32 32-32z"
    />
  </g>
</svg>
`;
