// Jest Snapshot v1, https://goo.gl/fbAQLP

exports[`<HeaderHome /> should match the snapshot 1`] = `
<header
  class="className"
>
  <h1
    class="className"
  >
    <span>
      Description
    </span>
  </h1>
  &gt;
</header>
`;
