// Jest Snapshot v1, https://goo.gl/fbAQLP

exports[`<H1 /> should match the snapshot 1`] = `
<h1
  class="className"
  className="sc-bdVaJa jvORyl"
>
   
  <span>
    Description
  </span>
  &gt;
</h1>
`;
