// Jest Snapshot v1, https://goo.gl/fbAQLP

exports[`<Img /> should match the snapshot 1`] = `
<figure
  className="sc-bdVaJa EZFKr"
>
  <img
    alt="PyColors"
    className="sc-bwzfXH fvJsht"
    height={undefined}
    src="http://pycolor.com/test.jpg"
    title={undefined}
    width={undefined}
  />
</figure>
`;
